Reading netlist file: "C:\Users\gribe\OneDrive\Documentos\Verilog\26E3_3_TP3\impl\gwsynthesis\26E3_3_TP3.vg"
Parsing netlist file "C:\Users\gribe\OneDrive\Documentos\Verilog\26E3_3_TP3\impl\gwsynthesis\26E3_3_TP3.vg" completed
Processing netlist completed
Reading constraint file: "C:\Users\gribe\OneDrive\Documentos\Verilog\26E3_3_TP3\src\26E3_3_TP3.cst"
Physical Constraint parsed completed
Running placement......
[10%] Placement Phase 0 completed
[20%] Placement Phase 1 completed
[30%] Placement Phase 2 completed
WARN  (TA1132) :  'clk' was determined to be a clock but was not created.
[50%] Placement Phase 3 completed
Running routing......
[60%] Routing Phase 0 completed
[70%] Routing Phase 1 completed
[80%] Routing Phase 2 completed
[90%] Routing Phase 3 completed
Running timing analysis......
[95%] Timing analysis completed
Placement and routing completed
Bitstream generation in progress......
Bitstream generation completed
Running power analysis......
[100%] Power analysis completed
Generate file "C:\Users\gribe\OneDrive\Documentos\Verilog\26E3_3_TP3\impl\pnr\26E3_3_TP3.power.html" completed
Generate file "C:\Users\gribe\OneDrive\Documentos\Verilog\26E3_3_TP3\impl\pnr\26E3_3_TP3.pin.html" completed
Generate file "C:\Users\gribe\OneDrive\Documentos\Verilog\26E3_3_TP3\impl\pnr\26E3_3_TP3.rpt.html" completed
Generate file "C:\Users\gribe\OneDrive\Documentos\Verilog\26E3_3_TP3\impl\pnr\26E3_3_TP3.rpt.txt" completed
Generate file "C:\Users\gribe\OneDrive\Documentos\Verilog\26E3_3_TP3\impl\pnr\26E3_3_TP3.tr.html" completed
Mon Sep  7 13:24:12 2026

